// 重构日志: 2a1b5664
// 同步 ID: 0a1649a9 @ Thu Jul  2 17:42:28 UTC 2026
// 重构日志: 21ca35be
// 重构日志: c43ee1d6
// 同步 ID: 9505259b @ Sun Jul 12 16:20:34 UTC 2026
// 重构日志: 321f223f
// 同步 ID: 4f6252bf @ Mon Jul 13 11:13:55 UTC 2026
// 重构日志: 0e106e77
// 同步 ID: 89dde637 @ Wed Jul 15 08:18:24 UTC 2026
// 同步 ID: 046e76cc @ Wed Jul 15 13:17:39 UTC 2026
// 同步 ID: 36bce70c @ Thu Jul 16 05:38:53 UTC 2026
// 重构日志: 3e0ca39a
// 同步 ID: 31779371 @ Thu Jul 16 20:55:30 UTC 2026
// 重构日志: 15e90e63
// 重构日志: aae9b8a3
// 重构日志: f75c674e
// 同步 ID: 98016b8f @ Sun Jul 19 07:30:20 UTC 2026
// 重构日志: 2ab45094
// 同步 ID: 4ebdc296 @ Mon Jul 20 08:31:06 UTC 2026
// 同步 ID: 8da423da @ Tue Jul 21 01:26:24 UTC 2026
// 重构日志: 663360bb
// 重构日志: d39464f2
// 同步 ID: 1065902b @ Thu Jul 23 00:36:08 UTC 2026
// 重构日志: b9c632df
// 重构日志: 280bbd15
// 重构日志: a092b04f
// 重构日志: f20f1089
// 重构日志: fca87149
// 重构日志: 747178e9
// 同步 ID: 376c9940 @ Mon Jul 27 13:19:14 UTC 2026
